------------------------------------------------------------
Timing Analyzer Summary
------------------------------------------------------------

Type  : Slow 1100mV 85C Model Setup 'clk'
Slack : -82.672
TNS   : -392147.332

Type  : Slow 1100mV 85C Model Hold 'clk'
Slack : 0.370
TNS   : 0.000

Type  : Slow 1100mV 85C Model Recovery 'clk'
Slack : -2.723
TNS   : -156.896

Type  : Slow 1100mV 85C Model Removal 'clk'
Slack : 1.025
TNS   : 0.000

Type  : Slow 1100mV 85C Model Minimum Pulse Width 'clk'
Slack : -2.174
TNS   : -14855.013

Type  : Slow 1100mV 0C Model Setup 'clk'
Slack : -84.503
TNS   : -380664.307

Type  : Slow 1100mV 0C Model Hold 'clk'
Slack : 0.384
TNS   : 0.000

Type  : Slow 1100mV 0C Model Recovery 'clk'
Slack : -2.648
TNS   : -152.233

Type  : Slow 1100mV 0C Model Removal 'clk'
Slack : 0.997
TNS   : 0.000

Type  : Slow 1100mV 0C Model Minimum Pulse Width 'clk'
Slack : -2.174
TNS   : -16282.838

Type  : Fast 1100mV 85C Model Setup 'clk'
Slack : -45.540
TNS   : -248353.530

Type  : Fast 1100mV 85C Model Hold 'clk'
Slack : 0.179
TNS   : 0.000

Type  : Fast 1100mV 85C Model Recovery 'clk'
Slack : -1.485
TNS   : -83.142

Type  : Fast 1100mV 85C Model Removal 'clk'
Slack : 0.552
TNS   : 0.000

Type  : Fast 1100mV 85C Model Minimum Pulse Width 'clk'
Slack : -2.174
TNS   : -2435.741

Type  : Fast 1100mV 0C Model Setup 'clk'
Slack : -42.830
TNS   : -215758.887

Type  : Fast 1100mV 0C Model Hold 'clk'
Slack : 0.170
TNS   : 0.000

Type  : Fast 1100mV 0C Model Recovery 'clk'
Slack : -1.318
TNS   : -73.716

Type  : Fast 1100mV 0C Model Removal 'clk'
Slack : 0.507
TNS   : 0.000

Type  : Fast 1100mV 0C Model Minimum Pulse Width 'clk'
Slack : -2.174
TNS   : -2463.980

------------------------------------------------------------
